running develop
running egg_info
creating ugv_obstacle_avoidance.egg-info
writing ugv_obstacle_avoidance.egg-info/PKG-INFO
writing dependency_links to ugv_obstacle_avoidance.egg-info/dependency_links.txt
writing entry points to ugv_obstacle_avoidance.egg-info/entry_points.txt
writing requirements to ugv_obstacle_avoidance.egg-info/requires.txt
writing top-level names to ugv_obstacle_avoidance.egg-info/top_level.txt
writing manifest file 'ugv_obstacle_avoidance.egg-info/SOURCES.txt'
reading manifest file 'ugv_obstacle_avoidance.egg-info/SOURCES.txt'
writing manifest file 'ugv_obstacle_avoidance.egg-info/SOURCES.txt'
running build_ext
Creating /home/jeagerboob/ros2_ws/install/ugv_obstacle_avoidance/lib/python3.10/site-packages/ugv-obstacle-avoidance.egg-link (link to .)
Installing obstacle_avoidance_node script to /home/jeagerboob/ros2_ws/install/ugv_obstacle_avoidance/lib/ugv_obstacle_avoidance

Installed /home/jeagerboob/ros2_ws/build/ugv_obstacle_avoidance
running symlink_data
creating /home/jeagerboob/ros2_ws/install/ugv_obstacle_avoidance/share/ament_index
creating /home/jeagerboob/ros2_ws/install/ugv_obstacle_avoidance/share/ament_index/resource_index
creating /home/jeagerboob/ros2_ws/install/ugv_obstacle_avoidance/share/ament_index/resource_index/packages
symbolically linking /home/jeagerboob/ros2_ws/build/ugv_obstacle_avoidance/resource/ugv_obstacle_avoidance -> /home/jeagerboob/ros2_ws/install/ugv_obstacle_avoidance/share/ament_index/resource_index/packages
symbolically linking /home/jeagerboob/ros2_ws/build/ugv_obstacle_avoidance/package.xml -> /home/jeagerboob/ros2_ws/install/ugv_obstacle_avoidance/share/ugv_obstacle_avoidance
creating /home/jeagerboob/ros2_ws/install/ugv_obstacle_avoidance/share/ugv_obstacle_avoidance/launch
symbolically linking /home/jeagerboob/ros2_ws/build/ugv_obstacle_avoidance/launch/simulation.launch.py -> /home/jeagerboob/ros2_ws/install/ugv_obstacle_avoidance/share/ugv_obstacle_avoidance/launch
creating /home/jeagerboob/ros2_ws/install/ugv_obstacle_avoidance/share/ugv_obstacle_avoidance/worlds
symbolically linking /home/jeagerboob/ros2_ws/build/ugv_obstacle_avoidance/worlds/obstacle_world.world -> /home/jeagerboob/ros2_ws/install/ugv_obstacle_avoidance/share/ugv_obstacle_avoidance/worlds
creating /home/jeagerboob/ros2_ws/install/ugv_obstacle_avoidance/share/ugv_obstacle_avoidance/urdf
symbolically linking /home/jeagerboob/ros2_ws/build/ugv_obstacle_avoidance/urdf/ugv_robot.urdf -> /home/jeagerboob/ros2_ws/install/ugv_obstacle_avoidance/share/ugv_obstacle_avoidance/urdf
